# Install dependencies:
$ sudo pip3 install celery redis python-keystoneclient numpy PyDicom matplotlib scipy sklearn scikit-image

#Execute inside the redis folder:
$ sudo chmod +x ./redis
$ sudo ./redis.sh

# To remove unfinished tasks:
$ redis-cli flushdb

# Execute inside Celery app folder:
$ celery worker -A app.celery --loglevel=info -P solo --concurrency=3 --autoscale

# Run Jomiraki API server at startup using supervisor:

-- Install supervisor --
$ sudo apt-get install supervisor

-- Edit supervisor configuration file --
$ sudo nano /etc/supervisor/suprevisor.conf

[program:redis]
user=root
command=/home/rahul/Jomiraki/redis
directory=/home/rahul/Jomiraki/
autostart=true
autorestart=true
startretries=1
exitcodes=0,2
stopsignal=TERM
redirect_stderr=true
stdout_logfile=/var/log/redis.log
stdout_logfile_maxbytes=1MB
stdout_logfile_backups=10
stdout_capture_maxbytes=1MB

[program:celery]
user=root
command= /home/rahul/Jomiraki/celery
directory=/home/rahul/Jomiraki/
autostart=true
autorestart=true
startretries=1
exitcodes=0,2
stopsignal=TERM
redirect_stderr=true
stdout_logfile=/var/log/celery.log
stdout_logfile_maxbytes=1MB
stdout_logfile_backups=10
stdout_capture_maxbytes=1MB

[program:app]
user=root
command=/home/rahul/Jomiraki/app
directory=/home/rahul/Jomiraki/
autostart=true
autorestart=true
startretries=1
exitcodes=0,2
stopsignal=TERM
redirect_stderr=true
stdout_logfile=/var/log/app.log
stdout_logfile_maxbytes=1MB
stdout_logfile_backups=10
stdout_capture_maxbytes=1MB

-- Reload supervisor configuration file --
$ sudo supervisorctl reload

-- Start jupyterhub --
$ sudo supervisorctl start celery
$ sudo supervisorctl start redis
$ sudo supervisorctl start app

-- Enable supervisor at startup --
$ sudo systemctl enable supervisor.service
$ sudo systemctl enable supervisor
$ sudo systemctl restart supervisor

-- Add supervisor as a service --

$ sudo service supervisor start	# Check if supervisor starts
$ sudo /etc/init.d/supervisor start # Check if supervisor starts from init.d

$ sudo update-rc.d supervisor defaults	# Add init script to startup

-- Check supervisor status --
$ sudo service supervisor status

-- Add to system wide crontab --
$ cd /etc/
$ sudo nano crontab

@reboot supervisorctl reload &

# Read logs:

$sudo nano /var/log/app.log
$sudo nano /var/log/celery.log
$sudo nano /var/log/redis.log

# Fix /var/run/supervisor.sock no such file error:
sudo touch /var/run/supervisor.sock
sudo chmod 777 /var/run/supervisor.sock
sudo service supervisor restart

echo_supervisord_conf > /etc/supervisord.conf
sudo supervisord -c /etc/supervisord.conf
sudo supervisorctl status